Archive member included to satisfy reference by file (symbol)

c:/program files (x86)/atmel/studio/7.0/toolchain/avr8/avr8-gnu-toolchain/bin/../lib/gcc/avr/5.4.0/../../../../avr/lib/avr51\libm.a(fixunssfsi.o)
                              driver/Ultrasonic/Ultrasonic.o (__fixunssfsi)
c:/program files (x86)/atmel/studio/7.0/toolchain/avr8/avr8-gnu-toolchain/bin/../lib/gcc/avr/5.4.0/../../../../avr/lib/avr51\libm.a(floatsisf.o)
                              driver/Ultrasonic/Ultrasonic.o (__floatunsisf)
c:/program files (x86)/atmel/studio/7.0/toolchain/avr8/avr8-gnu-toolchain/bin/../lib/gcc/avr/5.4.0/../../../../avr/lib/avr51\libm.a(fp_split3.o)
                              c:/program files (x86)/atmel/studio/7.0/toolchain/avr8/avr8-gnu-toolchain/bin/../lib/gcc/avr/5.4.0/../../../../avr/lib/avr51\libm.a(fixunssfsi.o) (__fp_splitA)
c:/program files (x86)/atmel/studio/7.0/toolchain/avr8/avr8-gnu-toolchain/bin/../lib/gcc/avr/5.4.0/../../../../avr/lib/avr51\libm.a(fp_zero.o)
                              c:/program files (x86)/atmel/studio/7.0/toolchain/avr8/avr8-gnu-toolchain/bin/../lib/gcc/avr/5.4.0/../../../../avr/lib/avr51\libm.a(fixunssfsi.o) (__fp_zero)
c:/program files (x86)/atmel/studio/7.0/toolchain/avr8/avr8-gnu-toolchain/bin/../lib/gcc/avr/5.4.0/../../../../avr/lib/avr51\libm.a(mulsf3.o)
                              driver/Ultrasonic/Ultrasonic.o (__mulsf3)
c:/program files (x86)/atmel/studio/7.0/toolchain/avr8/avr8-gnu-toolchain/bin/../lib/gcc/avr/5.4.0/../../../../avr/lib/avr51\libm.a(mulsf3x.o)
                              c:/program files (x86)/atmel/studio/7.0/toolchain/avr8/avr8-gnu-toolchain/bin/../lib/gcc/avr/5.4.0/../../../../avr/lib/avr51\libm.a(mulsf3.o) (__mulsf3x)
c:/program files (x86)/atmel/studio/7.0/toolchain/avr8/avr8-gnu-toolchain/bin/../lib/gcc/avr/5.4.0/../../../../avr/lib/avr51\libm.a(fp_inf.o)
                              c:/program files (x86)/atmel/studio/7.0/toolchain/avr8/avr8-gnu-toolchain/bin/../lib/gcc/avr/5.4.0/../../../../avr/lib/avr51\libm.a(mulsf3x.o) (__fp_inf)
c:/program files (x86)/atmel/studio/7.0/toolchain/avr8/avr8-gnu-toolchain/bin/../lib/gcc/avr/5.4.0/../../../../avr/lib/avr51\libm.a(fp_nan.o)
                              c:/program files (x86)/atmel/studio/7.0/toolchain/avr8/avr8-gnu-toolchain/bin/../lib/gcc/avr/5.4.0/../../../../avr/lib/avr51\libm.a(mulsf3x.o) (__fp_nan)
c:/program files (x86)/atmel/studio/7.0/toolchain/avr8/avr8-gnu-toolchain/bin/../lib/gcc/avr/5.4.0/../../../../avr/lib/avr51\libm.a(fp_pscA.o)
                              c:/program files (x86)/atmel/studio/7.0/toolchain/avr8/avr8-gnu-toolchain/bin/../lib/gcc/avr/5.4.0/../../../../avr/lib/avr51\libm.a(mulsf3x.o) (__fp_pscA)
c:/program files (x86)/atmel/studio/7.0/toolchain/avr8/avr8-gnu-toolchain/bin/../lib/gcc/avr/5.4.0/../../../../avr/lib/avr51\libm.a(fp_pscB.o)
                              c:/program files (x86)/atmel/studio/7.0/toolchain/avr8/avr8-gnu-toolchain/bin/../lib/gcc/avr/5.4.0/../../../../avr/lib/avr51\libm.a(mulsf3x.o) (__fp_pscB)
c:/program files (x86)/atmel/studio/7.0/toolchain/avr8/avr8-gnu-toolchain/bin/../lib/gcc/avr/5.4.0/../../../../avr/lib/avr51\libm.a(fp_round.o)
                              c:/program files (x86)/atmel/studio/7.0/toolchain/avr8/avr8-gnu-toolchain/bin/../lib/gcc/avr/5.4.0/../../../../avr/lib/avr51\libm.a(mulsf3.o) (__fp_round)
c:/program files (x86)/atmel/studio/7.0/toolchain/avr8/avr8-gnu-toolchain/bin/../lib/gcc/avr/5.4.0/avr51\libgcc.a(_udivmodhi4.o)
                              driver/Motor/Motor.o (__udivmodhi4)
c:/program files (x86)/atmel/studio/7.0/toolchain/avr8/avr8-gnu-toolchain/bin/../lib/gcc/avr/5.4.0/avr51\libgcc.a(_divmodhi4.o)
                              ap/fan/fan.o (__divmodhi4)
c:/program files (x86)/atmel/studio/7.0/toolchain/avr8/avr8-gnu-toolchain/bin/../lib/gcc/avr/5.4.0/avr51\libgcc.a(_divmodsi4.o)
                              driver/Buzzer/Buzzer.o (__divmodsi4)
c:/program files (x86)/atmel/studio/7.0/toolchain/avr8/avr8-gnu-toolchain/bin/../lib/gcc/avr/5.4.0/avr51\libgcc.a(_negsi2.o)
                              c:/program files (x86)/atmel/studio/7.0/toolchain/avr8/avr8-gnu-toolchain/bin/../lib/gcc/avr/5.4.0/avr51\libgcc.a(_divmodsi4.o) (__negsi2)
c:/program files (x86)/atmel/studio/7.0/toolchain/avr8/avr8-gnu-toolchain/bin/../lib/gcc/avr/5.4.0/avr51\libgcc.a(_exit.o)
                              C:/Program Files (x86)/Atmel/Studio/7.0/Packs/atmel/ATmega_DFP/1.7.374/gcc/dev/atmega128a/avr51/crtatmega128a.o (exit)
c:/program files (x86)/atmel/studio/7.0/toolchain/avr8/avr8-gnu-toolchain/bin/../lib/gcc/avr/5.4.0/avr51\libgcc.a(_copy_data.o)
                              ap/fan/fan.o (__do_copy_data)
c:/program files (x86)/atmel/studio/7.0/toolchain/avr8/avr8-gnu-toolchain/bin/../lib/gcc/avr/5.4.0/avr51\libgcc.a(_clear_bss.o)
                              ap/fan/fan.o (__do_clear_bss)
c:/program files (x86)/atmel/studio/7.0/toolchain/avr8/avr8-gnu-toolchain/bin/../lib/gcc/avr/5.4.0/avr51\libgcc.a(_umulhisi3.o)
                              ap/fan/fan.o (__umulhisi3)
c:/program files (x86)/atmel/studio/7.0/toolchain/avr8/avr8-gnu-toolchain/bin/../lib/gcc/avr/5.4.0/avr51\libgcc.a(_udivmodsi4.o)
                              c:/program files (x86)/atmel/studio/7.0/toolchain/avr8/avr8-gnu-toolchain/bin/../lib/gcc/avr/5.4.0/avr51\libgcc.a(_divmodsi4.o) (__udivmodsi4)
c:/program files (x86)/atmel/studio/7.0/toolchain/avr8/avr8-gnu-toolchain/bin/../lib/gcc/avr/5.4.0/../../../../avr/lib/avr51\libc.a(strcmp.o)
                              ap/fan/fan.o (strcmp)
c:/program files (x86)/atmel/studio/7.0/toolchain/avr8/avr8-gnu-toolchain/bin/../lib/gcc/avr/5.4.0/../../../../avr/lib/avr51\libc.a(sprintf.o)
                              ap/fan/fan.o (sprintf)
c:/program files (x86)/atmel/studio/7.0/toolchain/avr8/avr8-gnu-toolchain/bin/../lib/gcc/avr/5.4.0/../../../../avr/lib/avr51\libc.a(vfprintf_std.o)
                              c:/program files (x86)/atmel/studio/7.0/toolchain/avr8/avr8-gnu-toolchain/bin/../lib/gcc/avr/5.4.0/../../../../avr/lib/avr51\libc.a(sprintf.o) (vfprintf)
c:/program files (x86)/atmel/studio/7.0/toolchain/avr8/avr8-gnu-toolchain/bin/../lib/gcc/avr/5.4.0/../../../../avr/lib/avr51\libc.a(strnlen_P.o)
                              c:/program files (x86)/atmel/studio/7.0/toolchain/avr8/avr8-gnu-toolchain/bin/../lib/gcc/avr/5.4.0/../../../../avr/lib/avr51\libc.a(vfprintf_std.o) (strnlen_P)
c:/program files (x86)/atmel/studio/7.0/toolchain/avr8/avr8-gnu-toolchain/bin/../lib/gcc/avr/5.4.0/../../../../avr/lib/avr51\libc.a(strnlen.o)
                              c:/program files (x86)/atmel/studio/7.0/toolchain/avr8/avr8-gnu-toolchain/bin/../lib/gcc/avr/5.4.0/../../../../avr/lib/avr51\libc.a(vfprintf_std.o) (strnlen)
c:/program files (x86)/atmel/studio/7.0/toolchain/avr8/avr8-gnu-toolchain/bin/../lib/gcc/avr/5.4.0/../../../../avr/lib/avr51\libc.a(fputc.o)
                              c:/program files (x86)/atmel/studio/7.0/toolchain/avr8/avr8-gnu-toolchain/bin/../lib/gcc/avr/5.4.0/../../../../avr/lib/avr51\libc.a(vfprintf_std.o) (fputc)
c:/program files (x86)/atmel/studio/7.0/toolchain/avr8/avr8-gnu-toolchain/bin/../lib/gcc/avr/5.4.0/../../../../avr/lib/avr51\libc.a(ultoa_invert.o)
                              c:/program files (x86)/atmel/studio/7.0/toolchain/avr8/avr8-gnu-toolchain/bin/../lib/gcc/avr/5.4.0/../../../../avr/lib/avr51\libc.a(vfprintf_std.o) (__ultoa_invert)

Allocating common symbols
Common symbol       size              file

btnSec              0x6               ap/fan/fan.o
off_sec             0x1               ap/fan/fan.o
ultrasonicDistanceFlag
                    0x1               driver/Ultrasonic/Ultrasonic.o
state               0x1               ap/fan/fan.o
milisec             0x2               ap/fan/fan.o
normalState         0x1               ap/fan/fan.o
off_min             0x1               ap/fan/fan.o
btnNormal           0x6               ap/fan/fan.o
btnMin              0x6               ap/fan/fan.o
btnOnOff            0x6               ap/fan/fan.o
hour                0x1               ap/fan/fan.o
btnTimer            0x6               ap/fan/fan.o
tsec                0x1               ap/fan/fan.o
lcdControlData      0x1               driver/LCD/LCD.o
min                 0x1               ap/fan/fan.o
on_sec              0x1               ap/fan/fan.o
sec                 0x1               ap/fan/fan.o
on_min              0x1               ap/fan/fan.o
btnNext             0x6               ap/fan/fan.o
uart0RxBuff         0x64              periph/UART/UART.o
timerData           0x1               ap/fan/fan.o
tmin                0x1               ap/fan/fan.o

Discarded input sections

 .data          0x00000000        0x0 C:/Program Files (x86)/Atmel/Studio/7.0/Packs/atmel/ATmega_DFP/1.7.374/gcc/dev/atmega128a/avr51/crtatmega128a.o
 .bss           0x00000000        0x0 C:/Program Files (x86)/Atmel/Studio/7.0/Packs/atmel/ATmega_DFP/1.7.374/gcc/dev/atmega128a/avr51/crtatmega128a.o
 .text          0x00000000        0x0 ap/fan/fan.o
 .data          0x00000000        0x0 ap/fan/fan.o
 .bss           0x00000000        0x0 ap/fan/fan.o
 .text          0x00000000        0x0 common/timeTick/timeTick.o
 .data          0x00000000        0x0 common/timeTick/timeTick.o
 .bss           0x00000000        0x0 common/timeTick/timeTick.o
 .text.incTick  0x00000000       0x28 common/timeTick/timeTick.o
 .text.getTick  0x00000000       0x12 common/timeTick/timeTick.o
 .text.clearTick
                0x00000000       0x12 common/timeTick/timeTick.o
 .bss.timeTick  0x00000000        0x4 common/timeTick/timeTick.o
 .debug_info    0x00000000       0xc2 common/timeTick/timeTick.o
 .debug_abbrev  0x00000000       0x78 common/timeTick/timeTick.o
 .debug_aranges
                0x00000000       0x30 common/timeTick/timeTick.o
 .debug_ranges  0x00000000       0x20 common/timeTick/timeTick.o
 .debug_line    0x00000000       0xe3 common/timeTick/timeTick.o
 .debug_str     0x00000000      0x17f common/timeTick/timeTick.o
 .comment       0x00000000       0x31 common/timeTick/timeTick.o
 .debug_frame   0x00000000       0x44 common/timeTick/timeTick.o
 .text          0x00000000        0x0 driver/Button/Button.o
 .data          0x00000000        0x0 driver/Button/Button.o
 .bss           0x00000000        0x0 driver/Button/Button.o
 .text          0x00000000        0x0 driver/Buzzer/Buzzer.o
 .data          0x00000000        0x0 driver/Buzzer/Buzzer.o
 .bss           0x00000000        0x0 driver/Buzzer/Buzzer.o
 .text          0x00000000        0x0 driver/DHT11/DHT11.o
 .data          0x00000000        0x0 driver/DHT11/DHT11.o
 .bss           0x00000000        0x0 driver/DHT11/DHT11.o
 .text.DHT11_outputMode
                0x00000000        0xe driver/DHT11/DHT11.o
 .text.DHT11_inputMode
                0x00000000        0xe driver/DHT11/DHT11.o
 .text.DHT11_sendLowSignal
                0x00000000        0xe driver/DHT11/DHT11.o
 .text.DHT11_sendHighSignal
                0x00000000        0xe driver/DHT11/DHT11.o
 .text.DHT11_sendStartSignal
                0x00000000       0x28 driver/DHT11/DHT11.o
 .text.DHT11_init
                0x00000000        0xa driver/DHT11/DHT11.o
 .text.DHT11_readPin
                0x00000000        0xa driver/DHT11/DHT11.o
 .text.DHT11_waitResponse
                0x00000000       0x42 driver/DHT11/DHT11.o
 .text.DHT11_readSensorData
                0x00000000       0xc8 driver/DHT11/DHT11.o
 .text.DHT11_readData
                0x00000000       0xae driver/DHT11/DHT11.o
 .debug_info    0x00000000      0x5a6 driver/DHT11/DHT11.o
 .debug_abbrev  0x00000000      0x1ed driver/DHT11/DHT11.o
 .debug_loc     0x00000000      0x35d driver/DHT11/DHT11.o
 .debug_aranges
                0x00000000       0x68 driver/DHT11/DHT11.o
 .debug_ranges  0x00000000       0x90 driver/DHT11/DHT11.o
 .debug_line    0x00000000      0x375 driver/DHT11/DHT11.o
 .debug_str     0x00000000      0x332 driver/DHT11/DHT11.o
 .comment       0x00000000       0x31 driver/DHT11/DHT11.o
 .debug_frame   0x00000000       0xf0 driver/DHT11/DHT11.o
 .text          0x00000000        0x0 driver/FND/FND.o
 .data          0x00000000        0x0 driver/FND/FND.o
 .bss           0x00000000        0x0 driver/FND/FND.o
 .text.FND_colonOn
                0x00000000        0x8 driver/FND/FND.o
 .text.FND_colonOff
                0x00000000        0x6 driver/FND/FND.o
 .text          0x00000000        0x0 driver/LCD/LCD.o
 .data          0x00000000        0x0 driver/LCD/LCD.o
 .bss           0x00000000        0x0 driver/LCD/LCD.o
 .text.LCD_displayOff
                0x00000000        0x8 driver/LCD/LCD.o
 .text.LCD_displayOn
                0x00000000        0x8 driver/LCD/LCD.o
 .text          0x00000000        0x0 driver/Motor/Motor.o
 .data          0x00000000        0x0 driver/Motor/Motor.o
 .bss           0x00000000        0x0 driver/Motor/Motor.o
 .text          0x00000000        0x0 driver/Ultrasonic/Ultrasonic.o
 .data          0x00000000        0x0 driver/Ultrasonic/Ultrasonic.o
 .bss           0x00000000        0x0 driver/Ultrasonic/Ultrasonic.o
 .text.Ultrasonic_run
                0x00000000       0x2e driver/Ultrasonic/Ultrasonic.o
 .text          0x00000000        0x0 main.o
 .data          0x00000000        0x0 main.o
 .bss           0x00000000        0x0 main.o
 .text          0x00000000        0x0 periph/GPIO/GPIO.o
 .data          0x00000000        0x0 periph/GPIO/GPIO.o
 .bss           0x00000000        0x0 periph/GPIO/GPIO.o
 .text.Gpio_readPort
                0x00000000        0x6 periph/GPIO/GPIO.o
 .text          0x00000000        0x0 periph/TIM/TIM.o
 .data          0x00000000        0x0 periph/TIM/TIM.o
 .bss           0x00000000        0x0 periph/TIM/TIM.o
 .text          0x00000000        0x0 periph/UART/UART.o
 .data          0x00000000        0x0 periph/UART/UART.o
 .bss           0x00000000        0x0 periph/UART/UART.o
 .text.UART0_Transmit
                0x00000000        0x8 periph/UART/UART.o
 .text.UART_Receive
                0x00000000        0x8 periph/UART/UART.o
 .text.UART0_printString
                0x00000000       0x2c periph/UART/UART.o
 .text.UART0_avail
                0x00000000        0xc periph/UART/UART.o
 .text.UART0_setRxFlag
                0x00000000        0x8 periph/UART/UART.o
 .text          0x00000000        0x0 c:/program files (x86)/atmel/studio/7.0/toolchain/avr8/avr8-gnu-toolchain/bin/../lib/gcc/avr/5.4.0/../../../../avr/lib/avr51\libm.a(fixunssfsi.o)
 .data          0x00000000        0x0 c:/program files (x86)/atmel/studio/7.0/toolchain/avr8/avr8-gnu-toolchain/bin/../lib/gcc/avr/5.4.0/../../../../avr/lib/avr51\libm.a(fixunssfsi.o)
 .bss           0x00000000        0x0 c:/program files (x86)/atmel/studio/7.0/toolchain/avr8/avr8-gnu-toolchain/bin/../lib/gcc/avr/5.4.0/../../../../avr/lib/avr51\libm.a(fixunssfsi.o)
 .text          0x00000000        0x0 c:/program files (x86)/atmel/studio/7.0/toolchain/avr8/avr8-gnu-toolchain/bin/../lib/gcc/avr/5.4.0/../../../../avr/lib/avr51\libm.a(floatsisf.o)
 .data          0x00000000        0x0 c:/program files (x86)/atmel/studio/7.0/toolchain/avr8/avr8-gnu-toolchain/bin/../lib/gcc/avr/5.4.0/../../../../avr/lib/avr51\libm.a(floatsisf.o)
 .bss           0x00000000        0x0 c:/program files (x86)/atmel/studio/7.0/toolchain/avr8/avr8-gnu-toolchain/bin/../lib/gcc/avr/5.4.0/../../../../avr/lib/avr51\libm.a(floatsisf.o)
 .text          0x00000000        0x0 c:/program files (x86)/atmel/studio/7.0/toolchain/avr8/avr8-gnu-toolchain/bin/../lib/gcc/avr/5.4.0/../../../../avr/lib/avr51\libm.a(fp_split3.o)
 .data          0x00000000        0x0 c:/program files (x86)/atmel/studio/7.0/toolchain/avr8/avr8-gnu-toolchain/bin/../lib/gcc/avr/5.4.0/../../../../avr/lib/avr51\libm.a(fp_split3.o)
 .bss           0x00000000        0x0 c:/program files (x86)/atmel/studio/7.0/toolchain/avr8/avr8-gnu-toolchain/bin/../lib/gcc/avr/5.4.0/../../../../avr/lib/avr51\libm.a(fp_split3.o)
 .text          0x00000000        0x0 c:/program files (x86)/atmel/studio/7.0/toolchain/avr8/avr8-gnu-toolchain/bin/../lib/gcc/avr/5.4.0/../../../../avr/lib/avr51\libm.a(fp_zero.o)
 .data          0x00000000        0x0 c:/program files (x86)/atmel/studio/7.0/toolchain/avr8/avr8-gnu-toolchain/bin/../lib/gcc/avr/5.4.0/../../../../avr/lib/avr51\libm.a(fp_zero.o)
 .bss           0x00000000        0x0 c:/program files (x86)/atmel/studio/7.0/toolchain/avr8/avr8-gnu-toolchain/bin/../lib/gcc/avr/5.4.0/../../../../avr/lib/avr51\libm.a(fp_zero.o)
 .text          0x00000000        0x0 c:/program files (x86)/atmel/studio/7.0/toolchain/avr8/avr8-gnu-toolchain/bin/../lib/gcc/avr/5.4.0/../../../../avr/lib/avr51\libm.a(mulsf3.o)
 .data          0x00000000        0x0 c:/program files (x86)/atmel/studio/7.0/toolchain/avr8/avr8-gnu-toolchain/bin/../lib/gcc/avr/5.4.0/../../../../avr/lib/avr51\libm.a(mulsf3.o)
 .bss           0x00000000        0x0 c:/program files (x86)/atmel/studio/7.0/toolchain/avr8/avr8-gnu-toolchain/bin/../lib/gcc/avr/5.4.0/../../../../avr/lib/avr51\libm.a(mulsf3.o)
 .text          0x00000000        0x0 c:/program files (x86)/atmel/studio/7.0/toolchain/avr8/avr8-gnu-toolchain/bin/../lib/gcc/avr/5.4.0/../../../../avr/lib/avr51\libm.a(mulsf3x.o)
 .data          0x00000000        0x0 c:/program files (x86)/atmel/studio/7.0/toolchain/avr8/avr8-gnu-toolchain/bin/../lib/gcc/avr/5.4.0/../../../../avr/lib/avr51\libm.a(mulsf3x.o)
 .bss           0x00000000        0x0 c:/program files (x86)/atmel/studio/7.0/toolchain/avr8/avr8-gnu-toolchain/bin/../lib/gcc/avr/5.4.0/../../../../avr/lib/avr51\libm.a(mulsf3x.o)
 .text          0x00000000        0x0 c:/program files (x86)/atmel/studio/7.0/toolchain/avr8/avr8-gnu-toolchain/bin/../lib/gcc/avr/5.4.0/../../../../avr/lib/avr51\libm.a(fp_inf.o)
 .data          0x00000000        0x0 c:/program files (x86)/atmel/studio/7.0/toolchain/avr8/avr8-gnu-toolchain/bin/../lib/gcc/avr/5.4.0/../../../../avr/lib/avr51\libm.a(fp_inf.o)
 .bss           0x00000000        0x0 c:/program files (x86)/atmel/studio/7.0/toolchain/avr8/avr8-gnu-toolchain/bin/../lib/gcc/avr/5.4.0/../../../../avr/lib/avr51\libm.a(fp_inf.o)
 .text          0x00000000        0x0 c:/program files (x86)/atmel/studio/7.0/toolchain/avr8/avr8-gnu-toolchain/bin/../lib/gcc/avr/5.4.0/../../../../avr/lib/avr51\libm.a(fp_nan.o)
 .data          0x00000000        0x0 c:/program files (x86)/atmel/studio/7.0/toolchain/avr8/avr8-gnu-toolchain/bin/../lib/gcc/avr/5.4.0/../../../../avr/lib/avr51\libm.a(fp_nan.o)
 .bss           0x00000000        0x0 c:/program files (x86)/atmel/studio/7.0/toolchain/avr8/avr8-gnu-toolchain/bin/../lib/gcc/avr/5.4.0/../../../../avr/lib/avr51\libm.a(fp_nan.o)
 .text          0x00000000        0x0 c:/program files (x86)/atmel/studio/7.0/toolchain/avr8/avr8-gnu-toolchain/bin/../lib/gcc/avr/5.4.0/../../../../avr/lib/avr51\libm.a(fp_pscA.o)
 .data          0x00000000        0x0 c:/program files (x86)/atmel/studio/7.0/toolchain/avr8/avr8-gnu-toolchain/bin/../lib/gcc/avr/5.4.0/../../../../avr/lib/avr51\libm.a(fp_pscA.o)
 .bss           0x00000000        0x0 c:/program files (x86)/atmel/studio/7.0/toolchain/avr8/avr8-gnu-toolchain/bin/../lib/gcc/avr/5.4.0/../../../../avr/lib/avr51\libm.a(fp_pscA.o)
 .text          0x00000000        0x0 c:/program files (x86)/atmel/studio/7.0/toolchain/avr8/avr8-gnu-toolchain/bin/../lib/gcc/avr/5.4.0/../../../../avr/lib/avr51\libm.a(fp_pscB.o)
 .data          0x00000000        0x0 c:/program files (x86)/atmel/studio/7.0/toolchain/avr8/avr8-gnu-toolchain/bin/../lib/gcc/avr/5.4.0/../../../../avr/lib/avr51\libm.a(fp_pscB.o)
 .bss           0x00000000        0x0 c:/program files (x86)/atmel/studio/7.0/toolchain/avr8/avr8-gnu-toolchain/bin/../lib/gcc/avr/5.4.0/../../../../avr/lib/avr51\libm.a(fp_pscB.o)
 .text          0x00000000        0x0 c:/program files (x86)/atmel/studio/7.0/toolchain/avr8/avr8-gnu-toolchain/bin/../lib/gcc/avr/5.4.0/../../../../avr/lib/avr51\libm.a(fp_round.o)
 .data          0x00000000        0x0 c:/program files (x86)/atmel/studio/7.0/toolchain/avr8/avr8-gnu-toolchain/bin/../lib/gcc/avr/5.4.0/../../../../avr/lib/avr51\libm.a(fp_round.o)
 .bss           0x00000000        0x0 c:/program files (x86)/atmel/studio/7.0/toolchain/avr8/avr8-gnu-toolchain/bin/../lib/gcc/avr/5.4.0/../../../../avr/lib/avr51\libm.a(fp_round.o)
 .text          0x00000000        0x0 c:/program files (x86)/atmel/studio/7.0/toolchain/avr8/avr8-gnu-toolchain/bin/../lib/gcc/avr/5.4.0/avr51\libgcc.a(_udivmodhi4.o)
 .data          0x00000000        0x0 c:/program files (x86)/atmel/studio/7.0/toolchain/avr8/avr8-gnu-toolchain/bin/../lib/gcc/avr/5.4.0/avr51\libgcc.a(_udivmodhi4.o)
 .bss           0x00000000        0x0 c:/program files (x86)/atmel/studio/7.0/toolchain/avr8/avr8-gnu-toolchain/bin/../lib/gcc/avr/5.4.0/avr51\libgcc.a(_udivmodhi4.o)
 .text.libgcc.mul
                0x00000000        0x0 c:/program files (x86)/atmel/studio/7.0/toolchain/avr8/avr8-gnu-toolchain/bin/../lib/gcc/avr/5.4.0/avr51\libgcc.a(_udivmodhi4.o)
 .text.libgcc   0x00000000        0x0 c:/program files (x86)/atmel/studio/7.0/toolchain/avr8/avr8-gnu-toolchain/bin/../lib/gcc/avr/5.4.0/avr51\libgcc.a(_udivmodhi4.o)
 .text.libgcc.prologue
                0x00000000        0x0 c:/program files (x86)/atmel/studio/7.0/toolchain/avr8/avr8-gnu-toolchain/bin/../lib/gcc/avr/5.4.0/avr51\libgcc.a(_udivmodhi4.o)
 .text.libgcc.builtins
                0x00000000        0x0 c:/program files (x86)/atmel/studio/7.0/toolchain/avr8/avr8-gnu-toolchain/bin/../lib/gcc/avr/5.4.0/avr51\libgcc.a(_udivmodhi4.o)
 .text.libgcc.fmul
                0x00000000        0x0 c:/program files (x86)/atmel/studio/7.0/toolchain/avr8/avr8-gnu-toolchain/bin/../lib/gcc/avr/5.4.0/avr51\libgcc.a(_udivmodhi4.o)
 .text.libgcc.fixed
                0x00000000        0x0 c:/program files (x86)/atmel/studio/7.0/toolchain/avr8/avr8-gnu-toolchain/bin/../lib/gcc/avr/5.4.0/avr51\libgcc.a(_udivmodhi4.o)
 .text          0x00000000        0x0 c:/program files (x86)/atmel/studio/7.0/toolchain/avr8/avr8-gnu-toolchain/bin/../lib/gcc/avr/5.4.0/avr51\libgcc.a(_divmodhi4.o)
 .data          0x00000000        0x0 c:/program files (x86)/atmel/studio/7.0/toolchain/avr8/avr8-gnu-toolchain/bin/../lib/gcc/avr/5.4.0/avr51\libgcc.a(_divmodhi4.o)
 .bss           0x00000000        0x0 c:/program files (x86)/atmel/studio/7.0/toolchain/avr8/avr8-gnu-toolchain/bin/../lib/gcc/avr/5.4.0/avr51\libgcc.a(_divmodhi4.o)
 .text.libgcc.mul
                0x00000000        0x0 c:/program files (x86)/atmel/studio/7.0/toolchain/avr8/avr8-gnu-toolchain/bin/../lib/gcc/avr/5.4.0/avr51\libgcc.a(_divmodhi4.o)
 .text.libgcc   0x00000000        0x0 c:/program files (x86)/atmel/studio/7.0/toolchain/avr8/avr8-gnu-toolchain/bin/../lib/gcc/avr/5.4.0/avr51\libgcc.a(_divmodhi4.o)
 .text.libgcc.prologue
                0x00000000        0x0 c:/program files (x86)/atmel/studio/7.0/toolchain/avr8/avr8-gnu-toolchain/bin/../lib/gcc/avr/5.4.0/avr51\libgcc.a(_divmodhi4.o)
 .text.libgcc.builtins
                0x00000000        0x0 c:/program files (x86)/atmel/studio/7.0/toolchain/avr8/avr8-gnu-toolchain/bin/../lib/gcc/avr/5.4.0/avr51\libgcc.a(_divmodhi4.o)
 .text.libgcc.fmul
                0x00000000        0x0 c:/program files (x86)/atmel/studio/7.0/toolchain/avr8/avr8-gnu-toolchain/bin/../lib/gcc/avr/5.4.0/avr51\libgcc.a(_divmodhi4.o)
 .text.libgcc.fixed
                0x00000000        0x0 c:/program files (x86)/atmel/studio/7.0/toolchain/avr8/avr8-gnu-toolchain/bin/../lib/gcc/avr/5.4.0/avr51\libgcc.a(_divmodhi4.o)
 .text          0x00000000        0x0 c:/program files (x86)/atmel/studio/7.0/toolchain/avr8/avr8-gnu-toolchain/bin/../lib/gcc/avr/5.4.0/avr51\libgcc.a(_divmodsi4.o)
 .data          0x00000000        0x0 c:/program files (x86)/atmel/studio/7.0/toolchain/avr8/avr8-gnu-toolchain/bin/../lib/gcc/avr/5.4.0/avr51\libgcc.a(_divmodsi4.o)
 .bss           0x00000000        0x0 c:/program files (x86)/atmel/studio/7.0/toolchain/avr8/avr8-gnu-toolchain/bin/../lib/gcc/avr/5.4.0/avr51\libgcc.a(_divmodsi4.o)
 .text.libgcc.mul
                0x00000000        0x0 c:/program files (x86)/atmel/studio/7.0/toolchain/avr8/avr8-gnu-toolchain/bin/../lib/gcc/avr/5.4.0/avr51\libgcc.a(_divmodsi4.o)
 .text.libgcc   0x00000000        0x0 c:/program files (x86)/atmel/studio/7.0/toolchain/avr8/avr8-gnu-toolchain/bin/../lib/gcc/avr/5.4.0/avr51\libgcc.a(_divmodsi4.o)
 .text.libgcc.prologue
                0x00000000        0x0 c:/program files (x86)/atmel/studio/7.0/toolchain/avr8/avr8-gnu-toolchain/bin/../lib/gcc/avr/5.4.0/avr51\libgcc.a(_divmodsi4.o)
 .text.libgcc.builtins
                0x00000000        0x0 c:/program files (x86)/atmel/studio/7.0/toolchain/avr8/avr8-gnu-toolchain/bin/../lib/gcc/avr/5.4.0/avr51\libgcc.a(_divmodsi4.o)
 .text.libgcc.fmul
                0x00000000        0x0 c:/program files (x86)/atmel/studio/7.0/toolchain/avr8/avr8-gnu-toolchain/bin/../lib/gcc/avr/5.4.0/avr51\libgcc.a(_divmodsi4.o)
 .text.libgcc.fixed
                0x00000000        0x0 c:/program files (x86)/atmel/studio/7.0/toolchain/avr8/avr8-gnu-toolchain/bin/../lib/gcc/avr/5.4.0/avr51\libgcc.a(_divmodsi4.o)
 .text          0x00000000        0x0 c:/program files (x86)/atmel/studio/7.0/toolchain/avr8/avr8-gnu-toolchain/bin/../lib/gcc/avr/5.4.0/avr51\libgcc.a(_negsi2.o)
 .data          0x00000000        0x0 c:/program files (x86)/atmel/studio/7.0/toolchain/avr8/avr8-gnu-toolchain/bin/../lib/gcc/avr/5.4.0/avr51\libgcc.a(_negsi2.o)
 .bss           0x00000000        0x0 c:/program files (x86)/atmel/studio/7.0/toolchain/avr8/avr8-gnu-toolchain/bin/../lib/gcc/avr/5.4.0/avr51\libgcc.a(_negsi2.o)
 .text.libgcc.mul
                0x00000000        0x0 c:/program files (x86)/atmel/studio/7.0/toolchain/avr8/avr8-gnu-toolchain/bin/../lib/gcc/avr/5.4.0/avr51\libgcc.a(_negsi2.o)
 .text.libgcc   0x00000000        0x0 c:/program files (x86)/atmel/studio/7.0/toolchain/avr8/avr8-gnu-toolchain/bin/../lib/gcc/avr/5.4.0/avr51\libgcc.a(_negsi2.o)
 .text.libgcc.prologue
                0x00000000        0x0 c:/program files (x86)/atmel/studio/7.0/toolchain/avr8/avr8-gnu-toolchain/bin/../lib/gcc/avr/5.4.0/avr51\libgcc.a(_negsi2.o)
 .text.libgcc.builtins
                0x00000000        0x0 c:/program files (x86)/atmel/studio/7.0/toolchain/avr8/avr8-gnu-toolchain/bin/../lib/gcc/avr/5.4.0/avr51\libgcc.a(_negsi2.o)
 .text.libgcc.fmul
                0x00000000        0x0 c:/program files (x86)/atmel/studio/7.0/toolchain/avr8/avr8-gnu-toolchain/bin/../lib/gcc/avr/5.4.0/avr51\libgcc.a(_negsi2.o)
 .text.libgcc.fixed
                0x00000000        0x0 c:/program files (x86)/atmel/studio/7.0/toolchain/avr8/avr8-gnu-toolchain/bin/../lib/gcc/avr/5.4.0/avr51\libgcc.a(_negsi2.o)
 .text          0x00000000        0x0 c:/program files (x86)/atmel/studio/7.0/toolchain/avr8/avr8-gnu-toolchain/bin/../lib/gcc/avr/5.4.0/avr51\libgcc.a(_exit.o)
 .data          0x00000000        0x0 c:/program files (x86)/atmel/studio/7.0/toolchain/avr8/avr8-gnu-toolchain/bin/../lib/gcc/avr/5.4.0/avr51\libgcc.a(_exit.o)
 .bss           0x00000000        0x0 c:/program files (x86)/atmel/studio/7.0/toolchain/avr8/avr8-gnu-toolchain/bin/../lib/gcc/avr/5.4.0/avr51\libgcc.a(_exit.o)
 .text.libgcc.mul
                0x00000000        0x0 c:/program files (x86)/atmel/studio/7.0/toolchain/avr8/avr8-gnu-toolchain/bin/../lib/gcc/avr/5.4.0/avr51\libgcc.a(_exit.o)
 .text.libgcc.div
                0x00000000        0x0 c:/program files (x86)/atmel/studio/7.0/toolchain/avr8/avr8-gnu-toolchain/bin/../lib/gcc/avr/5.4.0/avr51\libgcc.a(_exit.o)
 .text.libgcc   0x00000000        0x0 c:/program files (x86)/atmel/studio/7.0/toolchain/avr8/avr8-gnu-toolchain/bin/../lib/gcc/avr/5.4.0/avr51\libgcc.a(_exit.o)
 .text.libgcc.prologue
                0x00000000        0x0 c:/program files (x86)/atmel/studio/7.0/toolchain/avr8/avr8-gnu-toolchain/bin/../lib/gcc/avr/5.4.0/avr51\libgcc.a(_exit.o)
 .text.libgcc.builtins
                0x00000000        0x0 c:/program files (x86)/atmel/studio/7.0/toolchain/avr8/avr8-gnu-toolchain/bin/../lib/gcc/avr/5.4.0/avr51\libgcc.a(_exit.o)
 .text.libgcc.fmul
                0x00000000        0x0 c:/program files (x86)/atmel/studio/7.0/toolchain/avr8/avr8-gnu-toolchain/bin/../lib/gcc/avr/5.4.0/avr51\libgcc.a(_exit.o)
 .text.libgcc.fixed
                0x00000000        0x0 c:/program files (x86)/atmel/studio/7.0/toolchain/avr8/avr8-gnu-toolchain/bin/../lib/gcc/avr/5.4.0/avr51\libgcc.a(_exit.o)
 .text          0x00000000        0x0 c:/program files (x86)/atmel/studio/7.0/toolchain/avr8/avr8-gnu-toolchain/bin/../lib/gcc/avr/5.4.0/avr51\libgcc.a(_copy_data.o)
 .data          0x00000000        0x0 c:/program files (x86)/atmel/studio/7.0/toolchain/avr8/avr8-gnu-toolchain/bin/../lib/gcc/avr/5.4.0/avr51\libgcc.a(_copy_data.o)
 .bss           0x00000000        0x0 c:/program files (x86)/atmel/studio/7.0/toolchain/avr8/avr8-gnu-toolchain/bin/../lib/gcc/avr/5.4.0/avr51\libgcc.a(_copy_data.o)
 .text.libgcc.mul
                0x00000000        0x0 c:/program files (x86)/atmel/studio/7.0/toolchain/avr8/avr8-gnu-toolchain/bin/../lib/gcc/avr/5.4.0/avr51\libgcc.a(_copy_data.o)
 .text.libgcc.div
                0x00000000        0x0 c:/program files (x86)/atmel/studio/7.0/toolchain/avr8/avr8-gnu-toolchain/bin/../lib/gcc/avr/5.4.0/avr51\libgcc.a(_copy_data.o)
 .text.libgcc   0x00000000        0x0 c:/program files (x86)/atmel/studio/7.0/toolchain/avr8/avr8-gnu-toolchain/bin/../lib/gcc/avr/5.4.0/avr51\libgcc.a(_copy_data.o)
 .text.libgcc.prologue
                0x00000000        0x0 c:/program files (x86)/atmel/studio/7.0/toolchain/avr8/avr8-gnu-toolchain/bin/../lib/gcc/avr/5.4.0/avr51\libgcc.a(_copy_data.o)
 .text.libgcc.builtins
                0x00000000        0x0 c:/program files (x86)/atmel/studio/7.0/toolchain/avr8/avr8-gnu-toolchain/bin/../lib/gcc/avr/5.4.0/avr51\libgcc.a(_copy_data.o)
 .text.libgcc.fmul
                0x00000000        0x0 c:/program files (x86)/atmel/studio/7.0/toolchain/avr8/avr8-gnu-toolchain/bin/../lib/gcc/avr/5.4.0/avr51\libgcc.a(_copy_data.o)
 .text.libgcc.fixed
                0x00000000        0x0 c:/program files (x86)/atmel/studio/7.0/toolchain/avr8/avr8-gnu-toolchain/bin/../lib/gcc/avr/5.4.0/avr51\libgcc.a(_copy_data.o)
 .text          0x00000000        0x0 c:/program files (x86)/atmel/studio/7.0/toolchain/avr8/avr8-gnu-toolchain/bin/../lib/gcc/avr/5.4.0/avr51\libgcc.a(_clear_bss.o)
 .data          0x00000000        0x0 c:/program files (x86)/atmel/studio/7.0/toolchain/avr8/avr8-gnu-toolchain/bin/../lib/gcc/avr/5.4.0/avr51\libgcc.a(_clear_bss.o)
 .bss           0x00000000        0x0 c:/program files (x86)/atmel/studio/7.0/toolchain/avr8/avr8-gnu-toolchain/bin/../lib/gcc/avr/5.4.0/avr51\libgcc.a(_clear_bss.o)
 .text.libgcc.mul
                0x00000000        0x0 c:/program files (x86)/atmel/studio/7.0/toolchain/avr8/avr8-gnu-toolchain/bin/../lib/gcc/avr/5.4.0/avr51\libgcc.a(_clear_bss.o)
 .text.libgcc.div
                0x00000000        0x0 c:/program files (x86)/atmel/studio/7.0/toolchain/avr8/avr8-gnu-toolchain/bin/../lib/gcc/avr/5.4.0/avr51\libgcc.a(_clear_bss.o)
 .text.libgcc   0x00000000        0x0 c:/program files (x86)/atmel/studio/7.0/toolchain/avr8/avr8-gnu-toolchain/bin/../lib/gcc/avr/5.4.0/avr51\libgcc.a(_clear_bss.o)
 .text.libgcc.prologue
                0x00000000        0x0 c:/program files (x86)/atmel/studio/7.0/toolchain/avr8/avr8-gnu-toolchain/bin/../lib/gcc/avr/5.4.0/avr51\libgcc.a(_clear_bss.o)
 .text.libgcc.builtins
                0x00000000        0x0 c:/program files (x86)/atmel/studio/7.0/toolchain/avr8/avr8-gnu-toolchain/bin/../lib/gcc/avr/5.4.0/avr51\libgcc.a(_clear_bss.o)
 .text.libgcc.fmul
                0x00000000        0x0 c:/program files (x86)/atmel/studio/7.0/toolchain/avr8/avr8-gnu-toolchain/bin/../lib/gcc/avr/5.4.0/avr51\libgcc.a(_clear_bss.o)
 .text.libgcc.fixed
                0x00000000        0x0 c:/program files (x86)/atmel/studio/7.0/toolchain/avr8/avr8-gnu-toolchain/bin/../lib/gcc/avr/5.4.0/avr51\libgcc.a(_clear_bss.o)
 .text          0x00000000        0x0 c:/program files (x86)/atmel/studio/7.0/toolchain/avr8/avr8-gnu-toolchain/bin/../lib/gcc/avr/5.4.0/avr51\libgcc.a(_umulhisi3.o)
 .data          0x00000000        0x0 c:/program files (x86)/atmel/studio/7.0/toolchain/avr8/avr8-gnu-toolchain/bin/../lib/gcc/avr/5.4.0/avr51\libgcc.a(_umulhisi3.o)
 .bss           0x00000000        0x0 c:/program files (x86)/atmel/studio/7.0/toolchain/avr8/avr8-gnu-toolchain/bin/../lib/gcc/avr/5.4.0/avr51\libgcc.a(_umulhisi3.o)
 .text.libgcc.div
                0x00000000        0x0 c:/program files (x86)/atmel/studio/7.0/toolchain/avr8/avr8-gnu-toolchain/bin/../lib/gcc/avr/5.4.0/avr51\libgcc.a(_umulhisi3.o)
 .text.libgcc   0x00000000        0x0 c:/program files (x86)/atmel/studio/7.0/toolchain/avr8/avr8-gnu-toolchain/bin/../lib/gcc/avr/5.4.0/avr51\libgcc.a(_umulhisi3.o)
 .text.libgcc.prologue
                0x00000000        0x0 c:/program files (x86)/atmel/studio/7.0/toolchain/avr8/avr8-gnu-toolchain/bin/../lib/gcc/avr/5.4.0/avr51\libgcc.a(_umulhisi3.o)
 .text.libgcc.builtins
                0x00000000        0x0 c:/program files (x86)/atmel/studio/7.0/toolchain/avr8/avr8-gnu-toolchain/bin/../lib/gcc/avr/5.4.0/avr51\libgcc.a(_umulhisi3.o)
 .text.libgcc.fmul
                0x00000000        0x0 c:/program files (x86)/atmel/studio/7.0/toolchain/avr8/avr8-gnu-toolchain/bin/../lib/gcc/avr/5.4.0/avr51\libgcc.a(_umulhisi3.o)
 .text.libgcc.fixed
                0x00000000        0x0 c:/program files (x86)/atmel/studio/7.0/toolchain/avr8/avr8-gnu-toolchain/bin/../lib/gcc/avr/5.4.0/avr51\libgcc.a(_umulhisi3.o)
 .text          0x00000000        0x0 c:/program files (x86)/atmel/studio/7.0/toolchain/avr8/avr8-gnu-toolchain/bin/../lib/gcc/avr/5.4.0/avr51\libgcc.a(_udivmodsi4.o)
 .data          0x00000000        0x0 c:/program files (x86)/atmel/studio/7.0/toolchain/avr8/avr8-gnu-toolchain/bin/../lib/gcc/avr/5.4.0/avr51\libgcc.a(_udivmodsi4.o)
 .bss           0x00000000        0x0 c:/program files (x86)/atmel/studio/7.0/toolchain/avr8/avr8-gnu-toolchain/bin/../lib/gcc/avr/5.4.0/avr51\libgcc.a(_udivmodsi4.o)
 .text.libgcc.mul
                0x00000000        0x0 c:/program files (x86)/atmel/studio/7.0/toolchain/avr8/avr8-gnu-toolchain/bin/../lib/gcc/avr/5.4.0/avr51\libgcc.a(_udivmodsi4.o)
 .text.libgcc   0x00000000        0x0 c:/program files (x86)/atmel/studio/7.0/toolchain/avr8/avr8-gnu-toolchain/bin/../lib/gcc/avr/5.4.0/avr51\libgcc.a(_udivmodsi4.o)
 .text.libgcc.prologue
                0x00000000        0x0 c:/program files (x86)/atmel/studio/7.0/toolchain/avr8/avr8-gnu-toolchain/bin/../lib/gcc/avr/5.4.0/avr51\libgcc.a(_udivmodsi4.o)
 .text.libgcc.builtins
                0x00000000        0x0 c:/program files (x86)/atmel/studio/7.0/toolchain/avr8/avr8-gnu-toolchain/bin/../lib/gcc/avr/5.4.0/avr51\libgcc.a(_udivmodsi4.o)
 .text.libgcc.fmul
                0x00000000        0x0 c:/program files (x86)/atmel/studio/7.0/toolchain/avr8/avr8-gnu-toolchain/bin/../lib/gcc/avr/5.4.0/avr51\libgcc.a(_udivmodsi4.o)
 .text.libgcc.fixed
                0x00000000        0x0 c:/program files (x86)/atmel/studio/7.0/toolchain/avr8/avr8-gnu-toolchain/bin/../lib/gcc/avr/5.4.0/avr51\libgcc.a(_udivmodsi4.o)
 .text          0x00000000        0x0 c:/program files (x86)/atmel/studio/7.0/toolchain/avr8/avr8-gnu-toolchain/bin/../lib/gcc/avr/5.4.0/../../../../avr/lib/avr51\libc.a(strcmp.o)
 .data          0x00000000        0x0 c:/program files (x86)/atmel/studio/7.0/toolchain/avr8/avr8-gnu-toolchain/bin/../lib/gcc/avr/5.4.0/../../../../avr/lib/avr51\libc.a(strcmp.o)
 .bss           0x00000000        0x0 c:/program files (x86)/atmel/studio/7.0/toolchain/avr8/avr8-gnu-toolchain/bin/../lib/gcc/avr/5.4.0/../../../../avr/lib/avr51\libc.a(strcmp.o)
 .text          0x00000000        0x0 c:/program files (x86)/atmel/studio/7.0/toolchain/avr8/avr8-gnu-toolchain/bin/../lib/gcc/avr/5.4.0/../../../../avr/lib/avr51\libc.a(sprintf.o)
 .data          0x00000000        0x0 c:/program files (x86)/atmel/studio/7.0/toolchain/avr8/avr8-gnu-toolchain/bin/../lib/gcc/avr/5.4.0/../../../../avr/lib/avr51\libc.a(sprintf.o)
 .bss           0x00000000        0x0 c:/program files (x86)/atmel/studio/7.0/toolchain/avr8/avr8-gnu-toolchain/bin/../lib/gcc/avr/5.4.0/../../../../avr/lib/avr51\libc.a(sprintf.o)
 .text          0x00000000        0x0 c:/program files (x86)/atmel/studio/7.0/toolchain/avr8/avr8-gnu-toolchain/bin/../lib/gcc/avr/5.4.0/../../../../avr/lib/avr51\libc.a(vfprintf_std.o)
 .data          0x00000000        0x0 c:/program files (x86)/atmel/studio/7.0/toolchain/avr8/avr8-gnu-toolchain/bin/../lib/gcc/avr/5.4.0/../../../../avr/lib/avr51\libc.a(vfprintf_std.o)
 .bss           0x00000000        0x0 c:/program files (x86)/atmel/studio/7.0/toolchain/avr8/avr8-gnu-toolchain/bin/../lib/gcc/avr/5.4.0/../../../../avr/lib/avr51\libc.a(vfprintf_std.o)
 .text          0x00000000        0x0 c:/program files (x86)/atmel/studio/7.0/toolchain/avr8/avr8-gnu-toolchain/bin/../lib/gcc/avr/5.4.0/../../../../avr/lib/avr51\libc.a(strnlen_P.o)
 .data          0x00000000        0x0 c:/program files (x86)/atmel/studio/7.0/toolchain/avr8/avr8-gnu-toolchain/bin/../lib/gcc/avr/5.4.0/../../../../avr/lib/avr51\libc.a(strnlen_P.o)
 .bss           0x00000000        0x0 c:/program files (x86)/atmel/studio/7.0/toolchain/avr8/avr8-gnu-toolchain/bin/../lib/gcc/avr/5.4.0/../../../../avr/lib/avr51\libc.a(strnlen_P.o)
 .text          0x00000000        0x0 c:/program files (x86)/atmel/studio/7.0/toolchain/avr8/avr8-gnu-toolchain/bin/../lib/gcc/avr/5.4.0/../../../../avr/lib/avr51\libc.a(strnlen.o)
 .data          0x00000000        0x0 c:/program files (x86)/atmel/studio/7.0/toolchain/avr8/avr8-gnu-toolchain/bin/../lib/gcc/avr/5.4.0/../../../../avr/lib/avr51\libc.a(strnlen.o)
 .bss           0x00000000        0x0 c:/program files (x86)/atmel/studio/7.0/toolchain/avr8/avr8-gnu-toolchain/bin/../lib/gcc/avr/5.4.0/../../../../avr/lib/avr51\libc.a(strnlen.o)
 .text          0x00000000        0x0 c:/program files (x86)/atmel/studio/7.0/toolchain/avr8/avr8-gnu-toolchain/bin/../lib/gcc/avr/5.4.0/../../../../avr/lib/avr51\libc.a(fputc.o)
 .data          0x00000000        0x0 c:/program files (x86)/atmel/studio/7.0/toolchain/avr8/avr8-gnu-toolchain/bin/../lib/gcc/avr/5.4.0/../../../../avr/lib/avr51\libc.a(fputc.o)
 .bss           0x00000000        0x0 c:/program files (x86)/atmel/studio/7.0/toolchain/avr8/avr8-gnu-toolchain/bin/../lib/gcc/avr/5.4.0/../../../../avr/lib/avr51\libc.a(fputc.o)
 .text          0x00000000        0x0 c:/program files (x86)/atmel/studio/7.0/toolchain/avr8/avr8-gnu-toolchain/bin/../lib/gcc/avr/5.4.0/../../../../avr/lib/avr51\libc.a(ultoa_invert.o)
 .data          0x00000000        0x0 c:/program files (x86)/atmel/studio/7.0/toolchain/avr8/avr8-gnu-toolchain/bin/../lib/gcc/avr/5.4.0/../../../../avr/lib/avr51\libc.a(ultoa_invert.o)
 .bss           0x00000000        0x0 c:/program files (x86)/atmel/studio/7.0/toolchain/avr8/avr8-gnu-toolchain/bin/../lib/gcc/avr/5.4.0/../../../../avr/lib/avr51\libc.a(ultoa_invert.o)

Memory Configuration

Name             Origin             Length             Attributes
text             0x00000000         0x00020000         xr
data             0x00800100         0x00001000         rw !x
eeprom           0x00810000         0x00001000         rw !x
fuse             0x00820000         0x00000003         rw !x
lock             0x00830000         0x00000400         rw !x
signature        0x00840000         0x00000400         rw !x
user_signatures  0x00850000         0x00000400         rw !x
*default*        0x00000000         0xffffffff

Linker script and memory map

Address of section .data set to 0x800100
LOAD C:/Program Files (x86)/Atmel/Studio/7.0/Packs/atmel/ATmega_DFP/1.7.374/gcc/dev/atmega128a/avr51/crtatmega128a.o
LOAD ap/fan/fan.o
LOAD common/timeTick/timeTick.o
LOAD driver/Button/Button.o
LOAD driver/Buzzer/Buzzer.o
LOAD driver/DHT11/DHT11.o
LOAD driver/FND/FND.o
LOAD driver/LCD/LCD.o
LOAD driver/Motor/Motor.o
LOAD driver/Ultrasonic/Ultrasonic.o
LOAD main.o
LOAD periph/GPIO/GPIO.o
LOAD periph/TIM/TIM.o
LOAD periph/UART/UART.o
START GROUP
LOAD c:/program files (x86)/atmel/studio/7.0/toolchain/avr8/avr8-gnu-toolchain/bin/../lib/gcc/avr/5.4.0/../../../../avr/lib/avr51\libm.a
END GROUP
START GROUP
LOAD c:/program files (x86)/atmel/studio/7.0/toolchain/avr8/avr8-gnu-toolchain/bin/../lib/gcc/avr/5.4.0/avr51\libgcc.a
LOAD c:/program files (x86)/atmel/studio/7.0/toolchain/avr8/avr8-gnu-toolchain/bin/../lib/gcc/avr/5.4.0/../../../../avr/lib/avr51\libm.a
LOAD c:/program files (x86)/atmel/studio/7.0/toolchain/avr8/avr8-gnu-toolchain/bin/../lib/gcc/avr/5.4.0/../../../../avr/lib/avr51\libc.a
LOAD C:/Program Files (x86)/Atmel/Studio/7.0/Packs/atmel/ATmega_DFP/1.7.374/gcc/dev/atmega128a/avr51\libatmega128a.a
END GROUP
                [0x00000000]                __TEXT_REGION_ORIGIN__ = DEFINED (__TEXT_REGION_ORIGIN__)?__TEXT_REGION_ORIGIN__:0x0
                [0x00800100]                __DATA_REGION_ORIGIN__ = DEFINED (__DATA_REGION_ORIGIN__)?__DATA_REGION_ORIGIN__:0x800100
                [0x00020000]                __TEXT_REGION_LENGTH__ = DEFINED (__TEXT_REGION_LENGTH__)?__TEXT_REGION_LENGTH__:0x20000
                [0x00001000]                __DATA_REGION_LENGTH__ = DEFINED (__DATA_REGION_LENGTH__)?__DATA_REGION_LENGTH__:0xff00
                [0x00001000]                __EEPROM_REGION_LENGTH__ = DEFINED (__EEPROM_REGION_LENGTH__)?__EEPROM_REGION_LENGTH__:0x10000
                [0x00000003]                __FUSE_REGION_LENGTH__ = DEFINED (__FUSE_REGION_LENGTH__)?__FUSE_REGION_LENGTH__:0x400
                0x00000400                __LOCK_REGION_LENGTH__ = DEFINED (__LOCK_REGION_LENGTH__)?__LOCK_REGION_LENGTH__:0x400
                0x00000400                __SIGNATURE_REGION_LENGTH__ = DEFINED (__SIGNATURE_REGION_LENGTH__)?__SIGNATURE_REGION_LENGTH__:0x400
                0x00000400                __USER_SIGNATURE_REGION_LENGTH__ = DEFINED (__USER_SIGNATURE_REGION_LENGTH__)?__USER_SIGNATURE_REGION_LENGTH__:0x400

.hash
 *(.hash)

.dynsym
 *(.dynsym)

.dynstr
 *(.dynstr)

.gnu.version
 *(.gnu.version)

.gnu.version_d
 *(.gnu.version_d)

.gnu.version_r
 *(.gnu.version_r)

.rel.init
 *(.rel.init)

.rela.init
 *(.rela.init)

.rel.text
 *(.rel.text)
 *(.rel.text.*)
 *(.rel.gnu.linkonce.t*)

.rela.text
 *(.rela.text)
 *(.rela.text.*)
 *(.rela.gnu.linkonce.t*)

.rel.fini
 *(.rel.fini)

.rela.fini
 *(.rela.fini)

.rel.rodata
 *(.rel.rodata)
 *(.rel.rodata.*)
 *(.rel.gnu.linkonce.r*)

.rela.rodata
 *(.rela.rodata)
 *(.rela.rodata.*)
 *(.rela.gnu.linkonce.r*)

.rel.data
 *(.rel.data)
 *(.rel.data.*)
 *(.rel.gnu.linkonce.d*)

.rela.data
 *(.rela.data)
 *(.rela.data.*)
 *(.rela.gnu.linkonce.d*)

.rel.ctors
 *(.rel.ctors)

.rela.ctors
 *(.rela.ctors)

.rel.dtors
 *(.rel.dtors)

.rela.dtors
 *(.rela.dtors)

.rel.got
 *(.rel.got)

.rela.got
 *(.rela.got)

.rel.bss
 *(.rel.bss)

.rela.bss
 *(.rela.bss)

.rel.plt
 *(.rel.plt)

.rela.plt
 *(.rela.plt)

.text           0x00000000     0x20e8
 *(.vectors)
 .vectors       0x00000000       0x8c C:/Program Files (x86)/Atmel/Studio/7.0/Packs/atmel/ATmega_DFP/1.7.374/gcc/dev/atmega128a/avr51/crtatmega128a.o
                0x00000000                __vector_default
                0x00000000                __vectors
 *(.vectors)
 *(.progmem.gcc*)
                0x0000008c                . = ALIGN (0x2)
                0x0000008c                __trampolines_start = .
 *(.trampolines)
 .trampolines   0x0000008c        0x0 linker stubs
 *(.trampolines*)
                0x0000008c                __trampolines_end = .
 *libprintf_flt.a:*(.progmem.data)
 *libc.a:*(.progmem.data)
 *(.progmem*)
                0x0000008c                . = ALIGN (0x2)
 *(.jumptables)
 *(.jumptables*)
 *(.lowtext)
 *(.lowtext*)
                0x0000008c                __ctors_start = .
 *(.ctors)
                0x0000008c                __ctors_end = .
                0x0000008c                __dtors_start = .
 *(.dtors)
                0x0000008c                __dtors_end = .
 SORT(*)(.ctors)
 SORT(*)(.dtors)
 *(.init0)
 .init0         0x0000008c        0x0 C:/Program Files (x86)/Atmel/Studio/7.0/Packs/atmel/ATmega_DFP/1.7.374/gcc/dev/atmega128a/avr51/crtatmega128a.o
                0x0000008c                __init
 *(.init0)
 *(.init1)
 *(.init1)
 *(.init2)
 .init2         0x0000008c        0xc C:/Program Files (x86)/Atmel/Studio/7.0/Packs/atmel/ATmega_DFP/1.7.374/gcc/dev/atmega128a/avr51/crtatmega128a.o
 *(.init2)
 *(.init3)
 *(.init3)
 *(.init4)
 .init4         0x00000098       0x1a c:/program files (x86)/atmel/studio/7.0/toolchain/avr8/avr8-gnu-toolchain/bin/../lib/gcc/avr/5.4.0/avr51\libgcc.a(_copy_data.o)
                0x00000098                __do_copy_data
 .init4         0x000000b2       0x10 c:/program files (x86)/atmel/studio/7.0/toolchain/avr8/avr8-gnu-toolchain/bin/../lib/gcc/avr/5.4.0/avr51\libgcc.a(_clear_bss.o)
                0x000000b2                __do_clear_bss
 *(.init4)
 *(.init5)
 *(.init5)
 *(.init6)
 *(.init6)
 *(.init7)
 *(.init7)
 *(.init8)
 *(.init8)
 *(.init9)
 .init9         0x000000c2        0x8 C:/Program Files (x86)/Atmel/Studio/7.0/Packs/atmel/ATmega_DFP/1.7.374/gcc/dev/atmega128a/avr51/crtatmega128a.o
 *(.init9)
 *(.text)
 .text          0x000000ca        0x2 C:/Program Files (x86)/Atmel/Studio/7.0/Packs/atmel/ATmega_DFP/1.7.374/gcc/dev/atmega128a/avr51/crtatmega128a.o
                0x000000ca                __vector_22
                0x000000ca                __vector_28
                0x000000ca                __vector_1
                0x000000ca                __vector_32
                0x000000ca                __vector_34
                0x000000ca                __vector_24
                0x000000ca                __vector_12
                0x000000ca                __bad_interrupt
                0x000000ca                __vector_6
                0x000000ca                __vector_31
                0x000000ca                __vector_23
                0x000000ca                __vector_30
                0x000000ca                __vector_25
                0x000000ca                __vector_11
                0x000000ca                __vector_13
                0x000000ca                __vector_17
                0x000000ca                __vector_19
                0x000000ca                __vector_7
                0x000000ca                __vector_27
                0x000000ca                __vector_5
                0x000000ca                __vector_33
                0x000000ca                __vector_4
                0x000000ca                __vector_2
                0x000000ca                __vector_21
                0x000000ca                __vector_15
                0x000000ca                __vector_29
                0x000000ca                __vector_8
                0x000000ca                __vector_26
                0x000000ca                __vector_14
                0x000000ca                __vector_10
                0x000000ca                __vector_20
                0x000000cc                . = ALIGN (0x2)
 *(.text.*)
 .text.fan_Timer_incMilisec
                0x000000cc       0x98 ap/fan/fan.o
                0x000000cc                fan_Timer_incMilisec
 .text.fan_setTimerMin
                0x00000164       0x2a ap/fan/fan.o
                0x00000164                fan_setTimerMin
 .text.fan_setTimerSec
                0x0000018e       0x2a ap/fan/fan.o
                0x0000018e                fan_setTimerSec
 .text.fan_normal
                0x000001b8       0x40 ap/fan/fan.o
                0x000001b8                fan_normal
 .text.Motor_Safety
                0x000001f8       0x4c ap/fan/fan.o
                0x000001f8                Motor_Safety
 .text.fan_buzzer
                0x00000244       0x26 ap/fan/fan.o
                0x00000244                fan_buzzer
 .text.fan_init
                0x0000026a       0xf8 ap/fan/fan.o
                0x0000026a                fan_init
 .text.fan_Ultrasonic_ISR_Process
                0x00000362        0x6 ap/fan/fan.o
                0x00000362                fan_Ultrasonic_ISR_Process
 .text.fan_FND_ISR_Process
                0x00000368        0x4 ap/fan/fan.o
                0x00000368                fan_FND_ISR_Process
 .text.fan_UART0_ISR_Process
                0x0000036c        0x6 ap/fan/fan.o
                0x0000036c                fan_UART0_ISR_Process
 .text.fan_Motor_On
                0x00000372       0x5e ap/fan/fan.o
                0x00000372                fan_Motor_On
 .text.fan_Motor_Off
                0x000003d0       0x60 ap/fan/fan.o
                0x000003d0                fan_Motor_Off
 .text.Timer_reset
                0x00000430       0x16 ap/fan/fan.o
                0x00000430                Timer_reset
 .text.fan_UARTCtrl
                0x00000446      0x2b8 ap/fan/fan.o
                0x00000446                fan_UARTCtrl
 .text.MIN_SEC_RESET
                0x000006fe        0xa ap/fan/fan.o
                0x000006fe                MIN_SEC_RESET
 .text.TimerData_Set
                0x00000708        0x6 ap/fan/fan.o
                0x00000708                TimerData_Set
 .text.fan_buttonCtrl
                0x0000070e      0x854 ap/fan/fan.o
                0x0000070e                fan_buttonCtrl
 .text.fan_run  0x00000f62        0x6 ap/fan/fan.o
                0x00000f62                fan_run
 .text.Button_init
                0x00000f68       0x1a driver/Button/Button.o
                0x00000f68                Button_init
 .text.Button_GetState
                0x00000f82       0x52 driver/Button/Button.o
                0x00000f82                Button_GetState
 .text.Buzzer_init
                0x00000fd4       0x26 driver/Buzzer/Buzzer.o
                0x00000fd4                Buzzer_init
 .text.Buzzer_soundOn
                0x00000ffa        0xc driver/Buzzer/Buzzer.o
                0x00000ffa                Buzzer_soundOn
 .text.Buzzer_soundOff
                0x00001006        0xc driver/Buzzer/Buzzer.o
                0x00001006                Buzzer_soundOff
 .text.Buzzer_makeHerz
                0x00001012       0x3c driver/Buzzer/Buzzer.o
                0x00001012                Buzzer_makeHerz
 .text.FND_init
                0x0000104e       0x32 driver/FND/FND.o
                0x0000104e                FND_init
 .text.FND_dispNum
                0x00001080      0x250 driver/FND/FND.o
                0x00001080                FND_dispNum
 .text.FND_setFndData
                0x000012d0        0xa driver/FND/FND.o
                0x000012d0                FND_setFndData
 .text.FND_ISR_Process
                0x000012da        0xc driver/FND/FND.o
                0x000012da                FND_ISR_Process
 .text.Gpio_init
                0x000012e6       0x28 driver/LCD/LCD.o
                0x000012e6                Gpio_init
 .text.Gpio_writeControlData
                0x0000130e        0xa driver/LCD/LCD.o
                0x0000130e                Gpio_writeControlData
 .text.Gpio_writeData
                0x00001318        0xa driver/LCD/LCD.o
                0x00001318                Gpio_writeData
 .text.LCD_CmdMode
                0x00001322        0xe driver/LCD/LCD.o
                0x00001322                LCD_CmdMode
 .text.LCD_CharMode
                0x00001330        0xe driver/LCD/LCD.o
                0x00001330                LCD_CharMode
 .text.LCD_writeMode
                0x0000133e        0xe driver/LCD/LCD.o
                0x0000133e                LCD_writeMode
 .text.LCD_enableHigh
                0x0000134c       0x1a driver/LCD/LCD.o
                0x0000134c                LCD_enableHigh
 .text.LCD_enableLow
                0x00001366       0x1a driver/LCD/LCD.o
                0x00001366                LCD_enableLow
 .text.LCD_writeByte
                0x00001380        0x4 driver/LCD/LCD.o
                0x00001380                LCD_writeByte
 .text.LCD_writeCmdData
                0x00001384       0x14 driver/LCD/LCD.o
                0x00001384                LCD_writeCmdData
 .text.LCD_init
                0x00001398       0x48 driver/LCD/LCD.o
                0x00001398                LCD_init
 .text.LCD_writeCharData
                0x000013e0       0x14 driver/LCD/LCD.o
                0x000013e0                LCD_writeCharData
 .text.LCD_writeString
                0x000013f4       0x2a driver/LCD/LCD.o
                0x000013f4                LCD_writeString
 .text.LCD_gotoXY
                0x0000141e       0x14 driver/LCD/LCD.o
                0x0000141e                LCD_gotoXY
 .text.LCD_writeStringXY
                0x00001432       0x12 driver/LCD/LCD.o
                0x00001432                LCD_writeStringXY
 .text.LCD_displayClear
                0x00001444        0x6 driver/LCD/LCD.o
                0x00001444                LCD_displayClear
 .text.Motor_init
                0x0000144a       0x26 driver/Motor/Motor.o
                0x0000144a                Motor_init
 .text.Motor_On
                0x00001470        0xc driver/Motor/Motor.o
                0x00001470                Motor_On
 .text.Motor_Off
                0x0000147c        0xc driver/Motor/Motor.o
                0x0000147c                Motor_Off
 .text.Motor_makeHerz
                0x00001488       0x44 driver/Motor/Motor.o
                0x00001488                Motor_makeHerz
 .text.Ultrasonic_init
                0x000014cc       0x22 driver/Ultrasonic/Ultrasonic.o
                0x000014cc                Ultrasonic_init
 .text.Ultrasonic_trigger
                0x000014ee       0x16 driver/Ultrasonic/Ultrasonic.o
                0x000014ee                Ultrasonic_trigger
 .text.Ultrasonic_getDistance
                0x00001504       0x1a driver/Ultrasonic/Ultrasonic.o
                0x00001504                Ultrasonic_getDistance
 .text.Ultrasonic_timerStart
                0x0000151e        0xc driver/Ultrasonic/Ultrasonic.o
                0x0000151e                Ultrasonic_timerStart
 .text.Ultrasonic_timerStop
                0x0000152a        0x8 driver/Ultrasonic/Ultrasonic.o
                0x0000152a                Ultrasonic_timerStop
 .text.Ultrasonic_setFlag
                0x00001532        0x8 driver/Ultrasonic/Ultrasonic.o
                0x00001532                Ultrasonic_setFlag
 .text.Ultrasonic_clearFlag
                0x0000153a        0x6 driver/Ultrasonic/Ultrasonic.o
                0x0000153a                Ultrasonic_clearFlag
 .text.Ultrasonic_getFlag
                0x00001540        0x6 driver/Ultrasonic/Ultrasonic.o
                0x00001540                Ultrasonic_getFlag
 .text.Ultrasonic_switchInterrupt
                0x00001546       0x28 driver/Ultrasonic/Ultrasonic.o
                0x00001546                Ultrasonic_switchInterrupt
 .text.Ultrasonic_ISR_Process
                0x0000156e       0x16 driver/Ultrasonic/Ultrasonic.o
                0x0000156e                Ultrasonic_ISR_Process
 .text.__vector_16
                0x00001584       0x54 main.o
                0x00001584                __vector_16
 .text.__vector_3
                0x000015d8       0x50 main.o
                0x000015d8                __vector_3
 .text.__vector_9
                0x00001628       0x50 main.o
                0x00001628                __vector_9
 .text.__vector_18
                0x00001678       0x50 main.o
                0x00001678                __vector_18
 .text.main     0x000016c8        0xa main.o
                0x000016c8                main
 .text.Gpio_initPort
                0x000016d2       0x12 periph/GPIO/GPIO.o
                0x000016d2                Gpio_initPort
 .text.Gpio_initPin
                0x000016e4       0x34 periph/GPIO/GPIO.o
                0x000016e4                Gpio_initPin
 .text.Gpio_writePort
                0x00001718        0x6 periph/GPIO/GPIO.o
                0x00001718                Gpio_writePort
 .text.Gpio_writePin
                0x0000171e       0x34 periph/GPIO/GPIO.o
                0x0000171e                Gpio_writePin
 .text.Gpio_readPin
                0x00001752       0x14 periph/GPIO/GPIO.o
                0x00001752                Gpio_readPin
 .text.TIM0_init
                0x00001766       0x12 periph/TIM/TIM.o
                0x00001766                TIM0_init
 .text.TIM2_init
                0x00001778       0x18 periph/TIM/TIM.o
                0x00001778                TIM2_init
 .text.UART0_init
                0x00001790       0x18 periph/UART/UART.o
                0x00001790                UART0_init
 .text.UART0_ISR_Process
                0x000017a8       0x40 periph/UART/UART.o
                0x000017a8                UART0_ISR_Process
 .text.UART0_getRxFlag
                0x000017e8        0x6 periph/UART/UART.o
                0x000017e8                UART0_getRxFlag
 .text.UART0_clearRxFlag
                0x000017ee        0x6 periph/UART/UART.o
                0x000017ee                UART0_clearRxFlag
 .text.UART0_getRxBuff
                0x000017f4        0x6 periph/UART/UART.o
                0x000017f4                UART0_getRxBuff
 .text.avr-libc.fplib
                0x000017fa       0x58 c:/program files (x86)/atmel/studio/7.0/toolchain/avr8/avr8-gnu-toolchain/bin/../lib/gcc/avr/5.4.0/../../../../avr/lib/avr51\libm.a(fixunssfsi.o)
                0x000017fa                __fixunssfsi
 .text.avr-libc.fplib
                0x00001852       0x7a c:/program files (x86)/atmel/studio/7.0/toolchain/avr8/avr8-gnu-toolchain/bin/../lib/gcc/avr/5.4.0/../../../../avr/lib/avr51\libm.a(floatsisf.o)
                0x00001852                __floatunsisf
                0x00001856                __floatsisf
 .text.avr-libc.fplib
                0x000018cc       0x44 c:/program files (x86)/atmel/studio/7.0/toolchain/avr8/avr8-gnu-toolchain/bin/../lib/gcc/avr/5.4.0/../../../../avr/lib/avr51\libm.a(fp_split3.o)
                0x000018cc                __fp_split3
                0x000018dc                __fp_splitA
 .text.avr-libc.fplib
                0x00001910        0xe c:/program files (x86)/atmel/studio/7.0/toolchain/avr8/avr8-gnu-toolchain/bin/../lib/gcc/avr/5.4.0/../../../../avr/lib/avr51\libm.a(fp_zero.o)
                0x00001910                __fp_zero
                0x00001912                __fp_szero
 .text.avr-libc.fplib
                0x0000191e        0x4 c:/program files (x86)/atmel/studio/7.0/toolchain/avr8/avr8-gnu-toolchain/bin/../lib/gcc/avr/5.4.0/../../../../avr/lib/avr51\libm.a(mulsf3.o)
                0x0000191e                __mulsf3
 .text.avr-libc.fplib
                0x00001922       0xc2 c:/program files (x86)/atmel/studio/7.0/toolchain/avr8/avr8-gnu-toolchain/bin/../lib/gcc/avr/5.4.0/../../../../avr/lib/avr51\libm.a(mulsf3x.o)
                0x00001936                __mulsf3x
                0x0000193a                __mulsf3_pse
 .text.avr-libc.fplib
                0x000019e4        0xc c:/program files (x86)/atmel/studio/7.0/toolchain/avr8/avr8-gnu-toolchain/bin/../lib/gcc/avr/5.4.0/../../../../avr/lib/avr51\libm.a(fp_inf.o)
                0x000019e4                __fp_inf
 .text.avr-libc.fplib
                0x000019f0        0x6 c:/program files (x86)/atmel/studio/7.0/toolchain/avr8/avr8-gnu-toolchain/bin/../lib/gcc/avr/5.4.0/../../../../avr/lib/avr51\libm.a(fp_nan.o)
                0x000019f0                __fp_nan
 .text.avr-libc.fplib
                0x000019f6        0xe c:/program files (x86)/atmel/studio/7.0/toolchain/avr8/avr8-gnu-toolchain/bin/../lib/gcc/avr/5.4.0/../../../../avr/lib/avr51\libm.a(fp_pscA.o)
                0x000019f6                __fp_pscA
 .text.avr-libc.fplib
                0x00001a04        0xe c:/program files (x86)/atmel/studio/7.0/toolchain/avr8/avr8-gnu-toolchain/bin/../lib/gcc/avr/5.4.0/../../../../avr/lib/avr51\libm.a(fp_pscB.o)
                0x00001a04                __fp_pscB
 .text.avr-libc.fplib
                0x00001a12       0x22 c:/program files (x86)/atmel/studio/7.0/toolchain/avr8/avr8-gnu-toolchain/bin/../lib/gcc/avr/5.4.0/../../../../avr/lib/avr51\libm.a(fp_round.o)
                0x00001a12                __fp_round
 .text.libgcc.div
                0x00001a34       0x28 c:/program files (x86)/atmel/studio/7.0/toolchain/avr8/avr8-gnu-toolchain/bin/../lib/gcc/avr/5.4.0/avr51\libgcc.a(_udivmodhi4.o)
                0x00001a34                __udivmodhi4
 .text.libgcc.div
                0x00001a5c       0x26 c:/program files (x86)/atmel/studio/7.0/toolchain/avr8/avr8-gnu-toolchain/bin/../lib/gcc/avr/5.4.0/avr51\libgcc.a(_divmodhi4.o)
                0x00001a5c                _div
                0x00001a5c                __divmodhi4
 .text.libgcc.div
                0x00001a82       0x28 c:/program files (x86)/atmel/studio/7.0/toolchain/avr8/avr8-gnu-toolchain/bin/../lib/gcc/avr/5.4.0/avr51\libgcc.a(_divmodsi4.o)
                0x00001a82                __divmodsi4
 .text.libgcc.div
                0x00001aaa       0x10 c:/program files (x86)/atmel/studio/7.0/toolchain/avr8/avr8-gnu-toolchain/bin/../lib/gcc/avr/5.4.0/avr51\libgcc.a(_negsi2.o)
                0x00001aaa                __negsi2
 .text.libgcc.mul
                0x00001aba       0x1e c:/program files (x86)/atmel/studio/7.0/toolchain/avr8/avr8-gnu-toolchain/bin/../lib/gcc/avr/5.4.0/avr51\libgcc.a(_umulhisi3.o)
                0x00001aba                __umulhisi3
 .text.libgcc.div
                0x00001ad8       0x44 c:/program files (x86)/atmel/studio/7.0/toolchain/avr8/avr8-gnu-toolchain/bin/../lib/gcc/avr/5.4.0/avr51\libgcc.a(_udivmodsi4.o)
                0x00001ad8                __udivmodsi4
 .text.avr-libc
                0x00001b1c       0x12 c:/program files (x86)/atmel/studio/7.0/toolchain/avr8/avr8-gnu-toolchain/bin/../lib/gcc/avr/5.4.0/../../../../avr/lib/avr51\libc.a(strcmp.o)
                0x00001b1c                strcmp
 .text.avr-libc
                0x00001b2e       0x5c c:/program files (x86)/atmel/studio/7.0/toolchain/avr8/avr8-gnu-toolchain/bin/../lib/gcc/avr/5.4.0/../../../../avr/lib/avr51\libc.a(sprintf.o)
                0x00001b2e                sprintf
 .text.avr-libc
                0x00001b8a      0x3fa c:/program files (x86)/atmel/studio/7.0/toolchain/avr8/avr8-gnu-toolchain/bin/../lib/gcc/avr/5.4.0/../../../../avr/lib/avr51\libc.a(vfprintf_std.o)
                0x00001b8a                vfprintf
 .text.avr-libc
                0x00001f84       0x16 c:/program files (x86)/atmel/studio/7.0/toolchain/avr8/avr8-gnu-toolchain/bin/../lib/gcc/avr/5.4.0/../../../../avr/lib/avr51\libc.a(strnlen_P.o)
                0x00001f84                strnlen_P
 .text.avr-libc
                0x00001f9a       0x16 c:/program files (x86)/atmel/studio/7.0/toolchain/avr8/avr8-gnu-toolchain/bin/../lib/gcc/avr/5.4.0/../../../../avr/lib/avr51\libc.a(strnlen.o)
                0x00001f9a                strnlen
 .text.avr-libc
                0x00001fb0       0x78 c:/program files (x86)/atmel/studio/7.0/toolchain/avr8/avr8-gnu-toolchain/bin/../lib/gcc/avr/5.4.0/../../../../avr/lib/avr51\libc.a(fputc.o)
                0x00001fb0                fputc
 .text.avr-libc
                0x00002028       0xbc c:/program files (x86)/atmel/studio/7.0/toolchain/avr8/avr8-gnu-toolchain/bin/../lib/gcc/avr/5.4.0/../../../../avr/lib/avr51\libc.a(ultoa_invert.o)
                0x00002028                __ultoa_invert
                0x000020e4                . = ALIGN (0x2)
 *(.fini9)
 .fini9         0x000020e4        0x0 c:/program files (x86)/atmel/studio/7.0/toolchain/avr8/avr8-gnu-toolchain/bin/../lib/gcc/avr/5.4.0/avr51\libgcc.a(_exit.o)
                0x000020e4                _exit
                0x000020e4                exit
 *(.fini9)
 *(.fini8)
 *(.fini8)
 *(.fini7)
 *(.fini7)
 *(.fini6)
 *(.fini6)
 *(.fini5)
 *(.fini5)
 *(.fini4)
 *(.fini4)
 *(.fini3)
 *(.fini3)
 *(.fini2)
 *(.fini2)
 *(.fini1)
 *(.fini1)
 *(.fini0)
 .fini0         0x000020e4        0x4 c:/program files (x86)/atmel/studio/7.0/toolchain/avr8/avr8-gnu-toolchain/bin/../lib/gcc/avr/5.4.0/avr51\libgcc.a(_exit.o)
 *(.fini0)
                0x000020e8                _etext = .

.data           0x00800100       0xde load address 0x000020e8
                0x00800100                PROVIDE (__data_start, .)
 *(.data)
 *(.data*)
 *(.gnu.linkonce.d*)
 *(.rodata)
 .rodata        0x00800100        0xb driver/FND/FND.o
 *(.rodata*)
 .rodata.str1.1
                0x0080010b       0xd2 ap/fan/fan.o
                                 0xdc (size before relaxing)
 *(.gnu.linkonce.r*)
                0x008001de                . = ALIGN (0x2)
 *fill*         0x008001dd        0x1 
                0x008001de                _edata = .
                0x008001de                PROVIDE (__data_end, .)

.bss            0x008001de       0xb2
                0x008001de                PROVIDE (__bss_start, .)
 *(.bss)
 *(.bss*)
 .bss.buff      0x008001de       0x14 ap/fan/fan.o
                0x008001de                buff
 .bss.fndDigitState.1772
                0x008001f2        0x1 driver/FND/FND.o
 .bss.fndColonFlag
                0x008001f3        0x1 driver/FND/FND.o
                0x008001f3                fndColonFlag
 .bss.fndData   0x008001f4        0x2 driver/FND/FND.o
                0x008001f4                fndData
 .bss.uart0RxTail.1768
                0x008001f6        0x1 periph/UART/UART.o
 .bss.uart0RxFlag
                0x008001f7        0x1 periph/UART/UART.o
                0x008001f7                uart0RxFlag
 *(COMMON)
 COMMON         0x008001f8       0x32 ap/fan/fan.o
                0x008001f8                btnSec
                0x008001fe                off_sec
                0x008001ff                state
                0x00800200                milisec
                0x00800202                normalState
                0x00800203                off_min
                0x00800204                btnNormal
                0x0080020a                btnMin
                0x00800210                btnOnOff
                0x00800216                hour
                0x00800217                btnTimer
                0x0080021d                tsec
                0x0080021e                min
                0x0080021f                on_sec
                0x00800220                sec
                0x00800221                on_min
                0x00800222                btnNext
                0x00800228                timerData
                0x00800229                tmin
 COMMON         0x0080022a        0x1 driver/LCD/LCD.o
                0x0080022a                lcdControlData
 COMMON         0x0080022b        0x1 driver/Ultrasonic/Ultrasonic.o
                0x0080022b                ultrasonicDistanceFlag
 COMMON         0x0080022c       0x64 periph/UART/UART.o
                0x0080022c                uart0RxBuff
                0x00800290                PROVIDE (__bss_end, .)
                0x000020e8                __data_load_start = LOADADDR (.data)
                0x000021c6                __data_load_end = (__data_load_start + SIZEOF (.data))

.noinit         0x00800290        0x0
                [!provide]                PROVIDE (__noinit_start, .)
 *(.noinit*)
                [!provide]                PROVIDE (__noinit_end, .)
                0x00800290                _end = .
                [!provide]                PROVIDE (__heap_start, .)

.eeprom         0x00810000        0x0
 *(.eeprom*)
                0x00810000                __eeprom_end = .

.fuse
 *(.fuse)
 *(.lfuse)
 *(.hfuse)
 *(.efuse)

.lock
 *(.lock*)

.signature
 *(.signature*)

.user_signatures
 *(.user_signatures*)

.stab
 *(.stab)

.stabstr
 *(.stabstr)

.stab.excl
 *(.stab.excl)

.stab.exclstr
 *(.stab.exclstr)

.stab.index
 *(.stab.index)

.stab.indexstr
 *(.stab.indexstr)

.comment        0x00000000       0x5c
 *(.comment)
 .comment       0x00000000       0x30 ap/fan/fan.o
                                 0x31 (size before relaxing)
 .comment       0x00000030       0x31 driver/Button/Button.o
 .comment       0x00000030       0x31 driver/Buzzer/Buzzer.o
 .comment       0x00000030       0x31 driver/FND/FND.o
 .comment       0x00000030       0x31 driver/LCD/LCD.o
 .comment       0x00000030       0x31 driver/Motor/Motor.o
 .comment       0x00000030       0x31 driver/Ultrasonic/Ultrasonic.o
 .comment       0x00000030       0x31 main.o
 .comment       0x00000030       0x31 periph/GPIO/GPIO.o
 .comment       0x00000030       0x31 periph/TIM/TIM.o
 .comment       0x00000030       0x31 periph/UART/UART.o
 .comment       0x00000030       0x31 c:/program files (x86)/atmel/studio/7.0/toolchain/avr8/avr8-gnu-toolchain/bin/../lib/gcc/avr/5.4.0/../../../../avr/lib/avr51\libc.a(sprintf.o)
 .comment       0x00000030       0x2c c:/program files (x86)/atmel/studio/7.0/toolchain/avr8/avr8-gnu-toolchain/bin/../lib/gcc/avr/5.4.0/../../../../avr/lib/avr51\libc.a(vfprintf_std.o)
                                 0x2d (size before relaxing)
 .comment       0x0000005c       0x31 c:/program files (x86)/atmel/studio/7.0/toolchain/avr8/avr8-gnu-toolchain/bin/../lib/gcc/avr/5.4.0/../../../../avr/lib/avr51\libc.a(fputc.o)

.note.gnu.avr.deviceinfo
                0x00000000       0x40
 .note.gnu.avr.deviceinfo
                0x00000000       0x40 C:/Program Files (x86)/Atmel/Studio/7.0/Packs/atmel/ATmega_DFP/1.7.374/gcc/dev/atmega128a/avr51/crtatmega128a.o

.note.gnu.build-id
 *(.note.gnu.build-id)

.debug
 *(.debug)

.line
 *(.line)

.debug_srcinfo
 *(.debug_srcinfo)

.debug_sfnames
 *(.debug_sfnames)

.debug_aranges  0x00000000      0x3b8
 *(.debug_aranges)
 .debug_aranges
                0x00000000       0xa8 ap/fan/fan.o
 .debug_aranges
                0x000000a8       0x28 driver/Button/Button.o
 .debug_aranges
                0x000000d0       0x38 driver/Buzzer/Buzzer.o
 .debug_aranges
                0x00000108       0x48 driver/FND/FND.o
 .debug_aranges
                0x00000150       0xa8 driver/LCD/LCD.o
 .debug_aranges
                0x000001f8       0x38 driver/Motor/Motor.o
 .debug_aranges
                0x00000230       0x70 driver/Ultrasonic/Ultrasonic.o
 .debug_aranges
                0x000002a0       0x40 main.o
 .debug_aranges
                0x000002e0       0x48 periph/GPIO/GPIO.o
 .debug_aranges
                0x00000328       0x28 periph/TIM/TIM.o
 .debug_aranges
                0x00000350       0x68 periph/UART/UART.o

.debug_pubnames
 *(.debug_pubnames)

.debug_info     0x00000000     0x2d25
 *(.debug_info .gnu.linkonce.wi.*)
 .debug_info    0x00000000      0x780 C:/Program Files (x86)/Atmel/Studio/7.0/Packs/atmel/ATmega_DFP/1.7.374/gcc/dev/atmega128a/avr51/crtatmega128a.o
 .debug_info    0x00000780      0xa88 ap/fan/fan.o
 .debug_info    0x00001208      0x2b5 driver/Button/Button.o
 .debug_info    0x000014bd      0x12b driver/Buzzer/Buzzer.o
 .debug_info    0x000015e8      0x53c driver/FND/FND.o
 .debug_info    0x00001b24      0x779 driver/LCD/LCD.o
 .debug_info    0x0000229d      0x13a driver/Motor/Motor.o
 .debug_info    0x000023d7      0x31f driver/Ultrasonic/Ultrasonic.o
 .debug_info    0x000026f6      0x184 main.o
 .debug_info    0x0000287a      0x20b periph/GPIO/GPIO.o
 .debug_info    0x00002a85       0x97 periph/TIM/TIM.o
 .debug_info    0x00002b1c      0x209 periph/UART/UART.o

.debug_abbrev   0x00000000     0x144e
 *(.debug_abbrev)
 .debug_abbrev  0x00000000      0x718 C:/Program Files (x86)/Atmel/Studio/7.0/Packs/atmel/ATmega_DFP/1.7.374/gcc/dev/atmega128a/avr51/crtatmega128a.o
 .debug_abbrev  0x00000718      0x23d ap/fan/fan.o
 .debug_abbrev  0x00000955      0x18d driver/Button/Button.o
 .debug_abbrev  0x00000ae2       0xd1 driver/Buzzer/Buzzer.o
 .debug_abbrev  0x00000bb3      0x144 driver/FND/FND.o
 .debug_abbrev  0x00000cf7      0x19c driver/LCD/LCD.o
 .debug_abbrev  0x00000e93       0xd1 driver/Motor/Motor.o
 .debug_abbrev  0x00000f64      0x1d6 driver/Ultrasonic/Ultrasonic.o
 .debug_abbrev  0x0000113a       0x8f main.o
 .debug_abbrev  0x000011c9       0xed periph/GPIO/GPIO.o
 .debug_abbrev  0x000012b6       0x4f periph/TIM/TIM.o
 .debug_abbrev  0x00001305      0x149 periph/UART/UART.o

.debug_line     0x00000000     0x207e
 *(.debug_line .debug_line.* .debug_line_end)
 .debug_line    0x00000000      0x16a C:/Program Files (x86)/Atmel/Studio/7.0/Packs/atmel/ATmega_DFP/1.7.374/gcc/dev/atmega128a/avr51/crtatmega128a.o
 .debug_line    0x0000016a      0xd02 ap/fan/fan.o
 .debug_line    0x00000e6c      0x1d7 driver/Button/Button.o
 .debug_line    0x00001043      0x13d driver/Buzzer/Buzzer.o
 .debug_line    0x00001180      0x1e9 driver/FND/FND.o
 .debug_line    0x00001369      0x3c8 driver/LCD/LCD.o
 .debug_line    0x00001731      0x141 driver/Motor/Motor.o
 .debug_line    0x00001872      0x29f driver/Ultrasonic/Ultrasonic.o
 .debug_line    0x00001b11      0x13a main.o
 .debug_line    0x00001c4b      0x151 periph/GPIO/GPIO.o
 .debug_line    0x00001d9c       0xdb periph/TIM/TIM.o
 .debug_line    0x00001e77      0x207 periph/UART/UART.o

.debug_frame    0x00000000      0x950
 *(.debug_frame)
 .debug_frame   0x00000000      0x2b4 ap/fan/fan.o
 .debug_frame   0x000002b4       0x40 driver/Button/Button.o
 .debug_frame   0x000002f4       0x54 driver/Buzzer/Buzzer.o
 .debug_frame   0x00000348       0x90 driver/FND/FND.o
 .debug_frame   0x000003d8      0x164 driver/LCD/LCD.o
 .debug_frame   0x0000053c       0x5c driver/Motor/Motor.o
 .debug_frame   0x00000598       0xc4 driver/Ultrasonic/Ultrasonic.o
 .debug_frame   0x0000065c      0x184 main.o
 .debug_frame   0x000007e0       0x74 periph/GPIO/GPIO.o
 .debug_frame   0x00000854       0x34 periph/TIM/TIM.o
 .debug_frame   0x00000888       0xc8 periph/UART/UART.o

.debug_str      0x00000000      0xbd4
 *(.debug_str)
 .debug_str     0x00000000      0x27d C:/Program Files (x86)/Atmel/Studio/7.0/Packs/atmel/ATmega_DFP/1.7.374/gcc/dev/atmega128a/avr51/crtatmega128a.o
 .debug_str     0x0000027d      0x4d1 ap/fan/fan.o
                                0x556 (size before relaxing)
 .debug_str     0x0000074e       0x5a driver/Button/Button.o
                                0x241 (size before relaxing)
 .debug_str     0x000007a8       0x1f driver/Buzzer/Buzzer.o
                                0x1ba (size before relaxing)
 .debug_str     0x000007c7       0xc6 driver/FND/FND.o
                                0x248 (size before relaxing)
 .debug_str     0x0000088d      0x11a driver/LCD/LCD.o
                                0x30f (size before relaxing)
 .debug_str     0x000009a7       0x1e driver/Motor/Motor.o
                                0x1b0 (size before relaxing)
 .debug_str     0x000009c5       0xd5 driver/Ultrasonic/Ultrasonic.o
                                0x2e8 (size before relaxing)
 .debug_str     0x00000a9a       0x3f main.o
                                0x1ec (size before relaxing)
 .debug_str     0x00000ad9       0x29 periph/GPIO/GPIO.o
                                0x1e6 (size before relaxing)
 .debug_str     0x00000b02       0x14 periph/TIM/TIM.o
                                0x165 (size before relaxing)
 .debug_str     0x00000b16       0xbe periph/UART/UART.o
                                0x22b (size before relaxing)

.debug_loc      0x00000000     0x143d
 *(.debug_loc)
 .debug_loc     0x00000000      0x715 ap/fan/fan.o
 .debug_loc     0x00000715      0x1dd driver/Button/Button.o
 .debug_loc     0x000008f2       0x26 driver/Buzzer/Buzzer.o
 .debug_loc     0x00000918       0x97 driver/FND/FND.o
 .debug_loc     0x000009af      0x484 driver/LCD/LCD.o
 .debug_loc     0x00000e33       0x74 driver/Motor/Motor.o
 .debug_loc     0x00000ea7      0x107 driver/Ultrasonic/Ultrasonic.o
 .debug_loc     0x00000fae      0x32c main.o
 .debug_loc     0x000012da       0xc0 periph/GPIO/GPIO.o
 .debug_loc     0x0000139a       0xa3 periph/UART/UART.o

.debug_macinfo
 *(.debug_macinfo)

.debug_weaknames
 *(.debug_weaknames)

.debug_funcnames
 *(.debug_funcnames)

.debug_typenames
 *(.debug_typenames)

.debug_varnames
 *(.debug_varnames)

.debug_pubtypes
 *(.debug_pubtypes)

.debug_ranges   0x00000000      0x308
 *(.debug_ranges)
 .debug_ranges  0x00000000       0x98 ap/fan/fan.o
 .debug_ranges  0x00000098       0x18 driver/Button/Button.o
 .debug_ranges  0x000000b0       0x28 driver/Buzzer/Buzzer.o
 .debug_ranges  0x000000d8       0x38 driver/FND/FND.o
 .debug_ranges  0x00000110       0x98 driver/LCD/LCD.o
 .debug_ranges  0x000001a8       0x28 driver/Motor/Motor.o
 .debug_ranges  0x000001d0       0x60 driver/Ultrasonic/Ultrasonic.o
 .debug_ranges  0x00000230       0x30 main.o
 .debug_ranges  0x00000260       0x38 periph/GPIO/GPIO.o
 .debug_ranges  0x00000298       0x18 periph/TIM/TIM.o
 .debug_ranges  0x000002b0       0x58 periph/UART/UART.o

.debug_macro
 *(.debug_macro)
OUTPUT(fan.elf elf32-avr)
LOAD linker stubs
